--- Sun Aug 31 17:25:42 UTC 2025 ---
Running sitemap generation...
update_sitemaps.sh: line 8: python: command not found
Copying sitemap files...
cp: target '/root/Manhua-Frontend/public/sitemaps/': No such file or directory
cp: cannot create regular file '/root/Manhua-Frontend/public/': No such file or directory
Done.
--- Sun Aug 31 17:27:57 UTC 2025 ---
Running sitemap generation...
Sitemap index generated at sitemap-index.xml (1 files)
Copying sitemap files...
cp: cannot create regular file '/root/Manhua-Frontend/public/sitemaps/': No such file or directory
cp: cannot create regular file '/root/Manhua-Frontend/public/': No such file or directory
Done.
--- Sun Aug 31 17:33:51 UTC 2025 ---
Running sitemap generation...
Sitemap index generated at sitemap-index.xml (1 files)
Copying sitemap files...
Done.
--- Sun Aug 31 17:40:38 UTC 2025 ---
Running sitemap generation...
Sitemap index generated at sitemap-index.xml (1 files)
Copying sitemap files...
Done.
